// Jest Snapshot v1, https://goo.gl/fbAQLP

exports[`SearchBarComponent with mock data should compile with minimum input 1`] = `
<med-search-bar
  modelcontrol={[Function FormControl]}
  models={[Function Array]}
  searchChanged={[Function EventEmitter]}
  selectedModel={[Function Object]}
  selectionChanged={[Function EventEmitter]}
>
  <div
    class="search-bar-container"
  >
    <mat-select
      aria-disabled="false"
      aria-invalid="false"
      aria-multiselectable="false"
      aria-required="false"
      class="search-bar-select mat-select ng-tns-c3-0 ng-untouched ng-pristine ng-valid"
      id="mat-select-1"
      ng-reflect-form="[object Object]"
      role="listbox"
      tabindex="0"
    >
      <div
        aria-hidden="true"
        cdk-overlay-origin=""
        class="mat-select-trigger"
      >
        <div
          class="mat-select-value"
          ng-reflect-ng-switch="true"
        >
          
          <span
            class="mat-select-placeholder ng-tns-c3-0 ng-star-inserted"
          >
            Â 
          </span>
          
        </div>
        <div
          class="mat-select-arrow-wrapper"
        >
          <div
            class="mat-select-arrow"
          />
        </div>
      </div>
      
    </mat-select>
    <input
      aria-invalid="false"
      aria-required="false"
      class="search-bar-input mat-input-element mat-form-field-autofill-control cdk-text-field-autofill-monitored ng-untouched ng-pristine ng-valid"
      id="mat-input-1"
      matinput=""
      name="search"
      ng-reflect-name="search"
      ng-reflect-placeholder="Search test for..."
      ng-reflect-type="text"
      placeholder="Search test for..."
      type="text"
    />
    <button
      class="search-bar-submit"
      color="primary"
      mat-flat-button=""
    >
      <mat-icon
        aria-hidden="true"
        class="mat-icon material-icons"
        matsuffix=""
        role="img"
      >
        search
      </mat-icon>
    </button>
  </div>
</med-search-bar>
`;
