// Jest Snapshot v1, https://goo.gl/fbAQLP

exports[`SearchResultListComponent with mock data should compile with minimum input (have 2 <med-search-result /> elements in snapshot) 1`] = `
<med-search-result-list
  loadDocument={[Function EventEmitter]}
  p={[Function Number]}
  results={[Function Array]}
>
  <med-search-result /><med-search-result /><pagination-controls>
    <pagination-template
      ng-reflect-max-size="7"
    >
      
      <ul
        aria-label="Pagination"
        class="ngx-pagination"
        role="navigation"
      >
        
        <li
          class="pagination-previous disabled"
        >
          
          
          <span>
             Previous 
            <span
              class="show-for-sr"
            >
              page
            </span>
          </span>
        </li>
        <li
          class="small-screen"
        >
           1 / 1 
        </li>
        
        <li
          class="current"
        >
          
          
          
          <span
            class="show-for-sr"
          >
            You're on page 
          </span>
          <span>
            1
          </span>
        </li>
        
        <li
          class="pagination-next disabled"
        >
          
          
          <span>
             Next 
            <span
              class="show-for-sr"
            >
              page
            </span>
          </span>
        </li>
      </ul>
    </pagination-template>
  </pagination-controls>
</med-search-result-list>
`;
