// Jest Snapshot v1, https://goo.gl/fbAQLP

exports[`SearchResultComponent with mock data should compile with minimum input 1`] = `
<med-search-result
  loadDocument={[Function EventEmitter]}
  model={[Function Object]}
  result={[Function Object]}
>
  <div>
    <a
      href="#/document/edit?model=test name&title=test%20title"
    >
       test title 
    </a>
    <mat-chip-list
      aria-disabled="false"
      aria-invalid="false"
      aria-multiselectable="false"
      aria-orientation="horizontal"
      aria-required="false"
      class="state-chip mat-chip-list"
      id="mat-chip-list-1"
      role="listbox"
      tabindex="0"
    >
      <div
        class="mat-chip-list-wrapper"
      >
        <mat-chip
          aria-disabled="false"
          aria-selected="false"
          class="mat-chip mat-primary mat-standard-chip"
          role="option"
          tabindex="-1"
        >
          Draft
        </mat-chip>
      </div>
    </mat-chip-list>
  </div><div
    class="author-status"
  >
     5/4/18, 3:09 PM by test author
  
  </div>
</med-search-result>
`;
